// Vitest Snapshot v1, https://vitest.dev/guide/snapshot.html

exports[`Snapshot компонента PostCard должен быть корректным 1`] = `
<DocumentFragment>
  <div
    class="bg-card text-card-foreground flex flex-col gap-6 rounded-xl border py-6 shadow-sm w-full min-w-xs"
    data-slot="card"
  >
    <div
      class="@container/card-header grid auto-rows-min grid-rows-[auto_auto] items-start gap-2 px-6 has-data-[slot=card-action]:grid-cols-[1fr_auto] [.border-b]:pb-6"
      data-slot="card-header"
    >
      <div
        class="leading-none font-semibold line-clamp-1"
        data-slot="card-title"
      >
        Test title
      </div>
      <div
        class="text-muted-foreground text-sm"
        data-slot="card-description"
      >
        #test1 #test2 #test3 
      </div>
      <div
        class="px-6 line-clamp-4"
        data-slot="card-content"
      >
        Test description
      </div>
    </div>
    <div
      class="flex items-center px-6 [.border-t]:pt-6 flex-col gap-2"
      data-slot="card-footer"
    >
      <button
        class="inline-flex items-center justify-center gap-2 whitespace-nowrap rounded-md text-sm font-medium transition-all disabled:pointer-events-none disabled:opacity-50 [&_svg]:pointer-events-none [&_svg:not([class*='size-'])]:size-4 shrink-0 [&_svg]:shrink-0 outline-none focus-visible:border-ring focus-visible:ring-ring/50 focus-visible:ring-[3px] aria-invalid:ring-destructive/20 dark:aria-invalid:ring-destructive/40 aria-invalid:border-destructive bg-primary text-primary-foreground hover:bg-primary/90 h-9 px-4 py-2 has-[>svg]:px-3 w-full"
        data-slot="button"
        type="button"
      >
        Read more
      </button>
    </div>
  </div>
</DocumentFragment>
`;
